
PLAY [Harden Google Chrome to CIS] *********************************************

TASK [Gathering Facts] *********************************************************
ok: [rhel9]

TASK [chrome-cis : PRELIM | AUDIT | Check ansible-core version] ****************
ok: [rhel9]

TASK [chrome-cis : PRELIM | AUDIT | Check the target OS is supported] **********
ok: [rhel9]

TASK [chrome-cis : PRELIM | AUDIT | Check the role settings] *******************
ok: [rhel9]

TASK [chrome-cis : PRELIM | AUDIT | Gather installed packages] *****************
ok: [rhel9]

TASK [chrome-cis : PRELIM | AUDIT | Stop when Chrome is not installed and install is off | Report] ***
skipping: [rhel9]

TASK [chrome-cis : PRELIM | AUDIT | Stop when Chrome is not installed and install is off | End this host] ***
skipping: [rhel9]

TASK [chrome-cis : INSTALL | Import Google's package signing key] **************
changed: [rhel9]

TASK [chrome-cis : INSTALL | Add the Google Chrome repository] *****************
changed: [rhel9]

TASK [chrome-cis : INSTALL | Install google-chrome-unstable] *******************
changed: [rhel9]

TASK [chrome-cis : INSTALL | Refresh installed packages] ***********************
ok: [rhel9]

TASK [chrome-cis : RULES | AUDIT | Start with no policies] *********************
ok: [rhel9]

TASK [chrome-cis : RULES | AUDIT | Collect the policies of every applied rule] ***
ok: [rhel9] => (item=1.1.1 AllowCrossOriginAuthPrompt)
ok: [rhel9] => (item=1.2.1 SafeBrowsingAllowlistDomains)
ok: [rhel9] => (item=1.2.2 SafeBrowsingProtectionLevel)
ok: [rhel9] => (item=1.3 MediaRouterCastAllowAllIPs)
ok: [rhel9] => (item=1.4 BrowserNetworkTimeQueriesEnabled)
ok: [rhel9] => (item=1.5 AudioSandboxEnabled)
ok: [rhel9] => (item=1.6 PromptForDownloadLocation)
ok: [rhel9] => (item=1.7 BackgroundModeEnabled)
ok: [rhel9] => (item=1.8 SafeSitesFilterBehavior)
ok: [rhel9] => (item=1.9 ChromeVariations)
skipping: [rhel9] => (item=1.10 ) 
ok: [rhel9] => (item=1.11 CertificateTransparencyEnforcementDisabledForCas)
ok: [rhel9] => (item=1.12 CertificateTransparencyEnforcementDisabledForUrls)
ok: [rhel9] => (item=1.13 SavingBrowserHistoryDisabled)
ok: [rhel9] => (item=1.14 DNSInterceptionChecksEnabled)
ok: [rhel9] => (item=1.15 ComponentUpdatesEnabled)
ok: [rhel9] => (item=1.16 GloballyScopeHTTPAuthCacheEnabled)
ok: [rhel9] => (item=1.17 EnableOnlineRevocationChecks)
ok: [rhel9] => (item=1.18 CommandLineFlagSecurityWarningsEnabled)
skipping: [rhel9] => (item=1.19 ) 
ok: [rhel9] => (item=1.20 EnterpriseHardwarePlatformAPIEnabled)
ok: [rhel9] => (item=1.21 ForceEphemeralProfiles)
ok: [rhel9] => (item=1.22 ImportAutofillFormData)
ok: [rhel9] => (item=1.23 ImportHomepage)
ok: [rhel9] => (item=1.24 ImportSearchEngine)
ok: [rhel9] => (item=1.25 HSTSPolicyBypassList)
ok: [rhel9] => (item=1.26 OverrideSecurityRestrictionsOnInsecureOrigin)
ok: [rhel9] => (item=1.27 LookalikeWarningAllowlistDomains)
ok: [rhel9] => (item=1.28 SuppressUnsupportedOSWarning)
ok: [rhel9] => (item=1.29 WebRtcLocalIpsAllowedUrls)
skipping: [rhel9] => (item=2.1.1 ) 
skipping: [rhel9] => (item=2.1.2 ) 
ok: [rhel9] => (item=2.2.1 DefaultInsecureContentSetting)
ok: [rhel9] => (item=2.2.2 DefaultWebBluetoothGuardSetting)
ok: [rhel9] => (item=2.2.3 DefaultWebUsbGuardSetting)
ok: [rhel9] => (item=2.2.4 DefaultNotificationsSetting)
ok: [rhel9] => (item=2.2.5 PdfLocalFileAccessAllowedForDomains)
ok: [rhel9] => (item=2.3.1 BlockExternalExtensions)
ok: [rhel9] => (item=2.3.2 ExtensionAllowedTypes)
ok: [rhel9] => (item=2.3.3 ExtensionInstallBlocklist)
skipping: [rhel9] => (item=2.3.3 ExtensionInstallAllowlist) 
skipping: [rhel9] => (item=2.3.4 ) 
skipping: [rhel9] => (item=2.3.5 ) 
skipping: [rhel9] => (item=2.3.6 ) 
ok: [rhel9] => (item=2.3.7 ExtensionUnpublishedAvailability)
ok: [rhel9] => (item=2.4.1 AuthSchemes)
ok: [rhel9] => (item=2.5.1 NativeMessagingBlocklist)
skipping: [rhel9] => (item=2.5.1 NativeMessagingAllowlist) 
ok: [rhel9] => (item=2.6.1 PasswordManagerEnabled)
skipping: [rhel9] => (item=2.7.1 ) 
ok: [rhel9] => (item=2.8.1 RemoteAccessHostAllowRemoteAccessConnections)
skipping: [rhel9] => (item=2.8.2 ) 
ok: [rhel9] => (item=2.8.3 RemoteAccessHostClientDomainList)
ok: [rhel9] => (item=2.8.4 RemoteAccessHostRequireCurtain)
ok: [rhel9] => (item=2.8.5 RemoteAccessHostFirewallTraversal)
ok: [rhel9] => (item=2.8.6 RemoteAccessHostAllowClientPairing)
ok: [rhel9] => (item=2.8.7 RemoteAccessHostAllowRelayedConnection)
skipping: [rhel9] => (item=2.9.1 ) 
skipping: [rhel9] => (item=2.10.1 ) 
ok: [rhel9] => (item=2.11 DownloadRestrictions)
ok: [rhel9] => (item=2.12 SSLErrorOverrideAllowed)
ok: [rhel9] => (item=2.13 DisableSafeBrowsingProceedAnyway)
ok: [rhel9] => (item=2.14 SitePerProcess)
ok: [rhel9] => (item=2.15 ForceGoogleSafeSearch)
ok: [rhel9] => (item=2.16 RelaunchNotification)
ok: [rhel9] => (item=2.17 ProxyMode)
ok: [rhel9] => (item=2.18 RequireOnlineRevocationChecksForLocalAnchors)
ok: [rhel9] => (item=2.19 RelaunchNotificationPeriod)
ok: [rhel9] => (item=2.20 AllowWebAuthnWithBrokenTlsCerts)
ok: [rhel9] => (item=2.21 DomainReliabilityAllowed)
ok: [rhel9] => (item=2.22 EncryptedClientHelloEnabled)
skipping: [rhel9] => (item=2.23 ) 
ok: [rhel9] => (item=2.24 EnterpriseProfileCreationKeepBrowsingData)
ok: [rhel9] => (item=2.25 FileOrDirectoryPickerWithoutGestureAllowedForOrigins)
ok: [rhel9] => (item=2.26 GoogleSearchSidePanelEnabled)
ok: [rhel9] => (item=2.27 HttpAllowlist)
ok: [rhel9] => (item=2.28 HttpsUpgradesEnabled)
skipping: [rhel9] => (item=2.29 ) 
skipping: [rhel9] => (item=2.30 ) 
ok: [rhel9] => (item=2.31 StrictMimetypeCheckForWorkerScriptsEnabled)
ok: [rhel9] => (item=2.32 RemoteDebuggingAllowed)
ok: [rhel9] => (item=3.1.1 DefaultCookiesSetting)
ok: [rhel9] => (item=3.1.2 DefaultGeolocationSetting)
ok: [rhel9] => (item=3.2.1 EnableMediaRouter)
ok: [rhel9] => (item=3.3 PaymentMethodQueryEnabled)
ok: [rhel9] => (item=3.4 BlockThirdPartyCookies)
ok: [rhel9] => (item=3.5 BrowserSignin)
skipping: [rhel9] => (item=3.6 ) 
ok: [rhel9] => (item=3.7 SyncDisabled)
ok: [rhel9] => (item=3.8 AlternateErrorPagesEnabled)
ok: [rhel9] => (item=3.9 AllowDeletingBrowserHistory)
ok: [rhel9] => (item=3.10 NetworkPredictionOptions)
ok: [rhel9] => (item=3.11 SpellCheckServiceEnabled)
ok: [rhel9] => (item=3.12 MetricsReportingEnabled)
skipping: [rhel9] => (item=3.13 ) 
ok: [rhel9] => (item=3.14 SearchSuggestEnabled)
ok: [rhel9] => (item=3.15 TranslateEnabled)
ok: [rhel9] => (item=3.16 UrlKeyedAnonymizedDataCollectionEnabled)
ok: [rhel9] => (item=4.1.1 ScreenCaptureAllowed)
ok: [rhel9] => (item=4.2.1 DefaultSerialGuardSetting)
ok: [rhel9] => (item=4.2.2 DefaultSensorsSetting)
ok: [rhel9] => (item=4.2.3 ClipboardAllowedForUrls)
ok: [rhel9] => (item=4.2.4 ClipboardBlockedForUrls)
ok: [rhel9] => (item=4.2.5 DefaultClipboardSetting)
ok: [rhel9] => (item=4.2.6 DefaultWindowManagementSetting)
ok: [rhel9] => (item=4.2.7 WindowManagementAllowedForUrls)
ok: [rhel9] => (item=4.2.8 WindowManagementBlockedForUrls)
ok: [rhel9] => (item=4.3 AllowFileSelectionDialogs)
ok: [rhel9] => (item=4.4 AudioCaptureAllowed)
ok: [rhel9] => (item=4.5 VideoCaptureAllowed)
ok: [rhel9] => (item=4.6 UserFeedbackAllowed)
skipping: [rhel9] => (item=4.7 DnsOverHttpsMode) 
ok: [rhel9] => (item=4.8 AutofillAddressEnabled)
ok: [rhel9] => (item=4.9 AutofillCreditCardEnabled)
ok: [rhel9] => (item=4.10 ImportSavedPasswords)
ok: [rhel9] => (item=4.11 SyncTypesListDisabled)
ok: [rhel9] => (item=4.12 ScreenCaptureAllowed)
ok: [rhel9] => (item=5.1 BrowserGuestModeEnabled)
ok: [rhel9] => (item=5.2 IncognitoModeAvailability)
ok: [rhel9] => (item=5.3 DiskCacheSize)

TASK [chrome-cis : POLICY | PATCH | Create the managed policy folder] **********
changed: [rhel9]

TASK [chrome-cis : POLICY | PATCH | Write chrome_cis.json] *********************
changed: [rhel9]

TASK [chrome-cis : REPORT | AUDIT | Find other policy files] *******************
ok: [rhel9]

TASK [chrome-cis : REPORT | AUDIT | Read other policy files] *******************
skipping: [rhel9]

TASK [chrome-cis : REPORT | AUDIT | Find CIS policies set differently in other files] ***
skipping: [rhel9]

TASK [chrome-cis : REPORT | AUDIT | Per-rule status] ***************************
ok: [rhel9] => {
    "msg": {
        "applied": "1.1.1, 1.2.1, 1.2.2, 1.3, 1.4, 1.5, 1.6, 1.7, 1.8, 1.9, 1.11, 1.12, 1.13, 1.14, 1.15, 1.16, 1.17, 1.18, 1.20, 1.21, 1.22, 1.23, 1.24, 1.25, 1.26, 1.27, 1.28, 1.29, 2.2.1, 2.2.2, 2.2.3, 2.2.4, 2.2.5, 2.3.1, 2.3.2, 2.3.3, 2.3.7, 2.4.1, 2.5.1, 2.6.1, 2.8.1, 2.8.3, 2.8.4, 2.8.5, 2.8.6, 2.8.7, 2.11, 2.12, 2.13, 2.14, 2.15, 2.16, 2.17, 2.18, 2.19, 2.20, 2.21, 2.22, 2.24, 2.25, 2.26, 2.27, 2.28, 2.31, 2.32, 3.1.1, 3.1.2, 3.2.1, 3.3, 3.4, 3.5, 3.7, 3.8, 3.9, 3.10, 3.11, 3.12, 3.14, 3.15, 3.16, 4.1.1, 4.2.1, 4.2.2, 4.2.3, 4.2.4, 4.2.5, 4.2.6, 4.2.7, 4.2.8, 4.3, 4.4, 4.5, 4.6, 4.8, 4.9, 4.10, 4.11, 4.12, 5.1, 5.2, 5.3",
        "benchmark": "CIS Google Chrome Benchmark v3.0.0",
        "chrome": {
            "google-chrome-unstable": "157.0.8081.0"
        },
        "conflicts_in_other_files": {},
        "not_applicable": "1.10, 1.19, 2.1.1, 2.1.2, 2.3.4, 2.3.5, 2.3.6, 2.7.1, 2.8.2, 2.9.1, 2.10.1, 2.23, 2.29, 2.30, 3.6, 3.13",
        "not_applied": "4.7",
        "policy_file": "/etc/opt/chrome/policies/managed/chrome_cis.json",
        "totals": "applied 101, not applied 1, N/A 16, total 118"
    }
}

PLAY RECAP *********************************************************************
rhel9                      : ok=15   changed=5    unreachable=0    failed=0    skipped=3    rescued=0    ignored=0   

